2025-05-26 10:27:51,967 - INFO - Training DBN...
2025-05-26 10:27:53,213 - INFO - Starting DBN pre-training...
2025-05-26 10:27:53,214 - INFO - Pre-training RBM layer 1/3
2025-05-26 10:27:53,860 - INFO -  RBM1 Epoch 0: Loss=1.4962
2025-05-26 10:27:55,125 - INFO -  RBM1 Epoch 10: Loss=1.1966
2025-05-26 10:27:56,519 - INFO -  RBM1 Epoch 20: Loss=1.1169
2025-05-26 10:27:57,890 - INFO -  RBM1 Epoch 30: Loss=1.0807
2025-05-26 10:27:59,512 - INFO -  RBM1 Epoch 40: Loss=1.0680
2025-05-26 10:28:02,120 - INFO -  RBM1 Epoch 50: Loss=1.0579
2025-05-26 10:28:05,153 - INFO -  RBM1 Epoch 60: Loss=1.0573
2025-05-26 10:28:07,361 - INFO -  RBM1 Epoch 70: Loss=1.0572
2025-05-26 10:28:10,529 - INFO -  RBM1 Epoch 80: Loss=1.0584
2025-05-26 10:28:16,326 - INFO -  RBM1 Epoch 90: Loss=1.0577
2025-05-26 10:28:19,376 - INFO - Pre-training RBM layer 2/3
2025-05-26 10:28:19,835 - INFO -  RBM2 Epoch 0: Loss=0.3346
2025-05-26 10:28:23,351 - INFO -  RBM2 Epoch 10: Loss=0.3325
2025-05-26 10:28:25,332 - INFO -  RBM2 Epoch 20: Loss=0.3306
2025-05-26 10:28:27,196 - INFO -  RBM2 Epoch 30: Loss=0.3292
2025-05-26 10:28:29,368 - INFO -  RBM2 Epoch 40: Loss=0.3279
2025-05-26 10:28:31,191 - INFO -  RBM2 Epoch 50: Loss=0.3262
2025-05-26 10:28:33,831 - INFO -  RBM2 Epoch 60: Loss=0.3240
2025-05-26 10:28:35,937 - INFO -  RBM2 Epoch 70: Loss=0.3226
2025-05-26 10:28:38,373 - INFO -  RBM2 Epoch 80: Loss=0.3196
2025-05-26 10:28:40,030 - INFO -  RBM2 Epoch 90: Loss=0.3174
2025-05-26 10:28:41,784 - INFO - Pre-training RBM layer 3/3
2025-05-26 10:28:41,946 - INFO -  RBM3 Epoch 0: Loss=0.3256
2025-05-26 10:28:42,933 - INFO -  RBM3 Epoch 10: Loss=0.2801
2025-05-26 10:28:43,817 - INFO -  RBM3 Epoch 20: Loss=0.2425
2025-05-26 10:28:44,935 - INFO -  RBM3 Epoch 30: Loss=0.2218
2025-05-26 10:28:45,888 - INFO -  RBM3 Epoch 40: Loss=0.2114
2025-05-26 10:28:46,772 - INFO -  RBM3 Epoch 50: Loss=0.2057
2025-05-26 10:28:47,682 - INFO -  RBM3 Epoch 60: Loss=0.2029
2025-05-26 10:28:48,944 - INFO -  RBM3 Epoch 70: Loss=0.2014
2025-05-26 10:28:49,977 - INFO -  RBM3 Epoch 80: Loss=0.2009
2025-05-26 10:28:51,685 - INFO -  RBM3 Epoch 90: Loss=0.1995
2025-05-26 10:28:58,035 - INFO - Starting DBN fine-tuning...
2025-05-26 10:29:30,354 - INFO - Epoch 0: Train(l=0.7139,a=0.5178) | Val(l=0.7288,a=0.0571)
2025-05-26 10:29:30,618 - INFO - Epoch 1: Train(l=0.6924,a=0.5705) | Val(l=0.6210,a=0.9429)
2025-05-26 10:29:30,884 - INFO - Epoch 2: Train(l=0.6573,a=0.6421) | Val(l=0.8225,a=0.0571)
2025-05-26 10:29:31,171 - INFO - Epoch 3: Train(l=0.5234,a=0.7860) | Val(l=0.9682,a=0.1556)
2025-05-26 10:29:31,427 - INFO - Epoch 4: Train(l=0.3933,a=0.8608) | Val(l=0.4841,a=0.7683)
2025-05-26 10:29:31,712 - INFO - Epoch 5: Train(l=0.2949,a=0.9164) | Val(l=0.7274,a=0.6190)
2025-05-26 10:29:31,994 - INFO - Epoch 6: Train(l=0.2276,a=0.9368) | Val(l=0.8964,a=0.6222)
2025-05-26 10:29:32,300 - INFO - Epoch 7: Train(l=0.1834,a=0.9539) | Val(l=0.2665,a=0.9175)
2025-05-26 10:29:32,654 - INFO - Epoch 8: Train(l=0.1473,a=0.9713) | Val(l=0.1986,a=0.9333)
2025-05-26 10:29:33,101 - INFO - Epoch 9: Train(l=0.1300,a=0.9731) | Val(l=0.1764,a=0.9492)
2025-05-26 10:29:33,557 - INFO - Epoch 10: Train(l=0.1120,a=0.9804) | Val(l=0.1650,a=0.9492)
2025-05-26 10:29:34,036 - INFO - Epoch 11: Train(l=0.0969,a=0.9847) | Val(l=0.1859,a=0.9333)
2025-05-26 10:29:34,492 - INFO - Epoch 12: Train(l=0.0895,a=0.9858) | Val(l=0.1739,a=0.9429)
2025-05-26 10:29:34,927 - INFO - Epoch 13: Train(l=0.0775,a=0.9858) | Val(l=0.1669,a=0.9460)
2025-05-26 10:29:35,379 - INFO - Epoch 14: Train(l=0.0711,a=0.9873) | Val(l=0.3562,a=0.8698)
2025-05-26 10:29:35,973 - INFO - Epoch 15: Train(l=0.0667,a=0.9895) | Val(l=0.2940,a=0.8984)
2025-05-26 10:29:36,567 - INFO - Epoch 16: Train(l=0.0650,a=0.9898) | Val(l=0.1857,a=0.9238)
2025-05-26 10:29:37,125 - INFO - Epoch 17: Train(l=0.0587,a=0.9924) | Val(l=0.1972,a=0.9175)
2025-05-26 10:29:37,558 - INFO - Epoch 18: Train(l=0.0599,a=0.9891) | Val(l=0.2346,a=0.9143)
2025-05-26 10:29:38,067 - INFO - Epoch 19: Train(l=0.0571,a=0.9898) | Val(l=0.2146,a=0.9175)
2025-05-26 10:29:38,473 - INFO - Epoch 20: Train(l=0.0568,a=0.9902) | Val(l=0.1764,a=0.9460)
2025-05-26 10:29:38,562 - INFO - Early stopping.
2025-05-26 10:30:00,262 - INFO - Model dan scaler tersimpan (dbn_final.pth, scaler.pkl)
2025-05-26 10:30:00,549 - INFO - Total training time: 128.58s
2025-05-26 10:30:00,549 - INFO - Validation MCC: 0.3340, AUC: 0.8043
2025-05-26 10:30:00,549 - INFO - Test       MCC: 0.4369, AUC: 0.8770
2025-05-26 10:30:47,836 - INFO - Training CNN...
2025-05-26 10:30:48,069 - INFO - Starting DBN pre-training...
2025-05-26 10:30:48,070 - INFO - Pre-training RBM layer 1/3
2025-05-26 10:30:48,330 - INFO -  RBM1 Epoch 0: Loss=1.4998
2025-05-26 10:30:49,809 - INFO -  RBM1 Epoch 10: Loss=1.1964
2025-05-26 10:30:51,257 - INFO -  RBM1 Epoch 20: Loss=1.1115
2025-05-26 10:30:52,871 - INFO -  RBM1 Epoch 30: Loss=1.0820
2025-05-26 10:30:55,284 - INFO -  RBM1 Epoch 40: Loss=1.0685
2025-05-26 10:30:57,693 - INFO -  RBM1 Epoch 50: Loss=1.0585
2025-05-26 10:31:00,592 - INFO -  RBM1 Epoch 60: Loss=1.0565
2025-05-26 10:31:02,748 - INFO -  RBM1 Epoch 70: Loss=1.0573
2025-05-26 10:31:05,352 - INFO -  RBM1 Epoch 80: Loss=1.0531
2025-05-26 10:31:07,893 - INFO -  RBM1 Epoch 90: Loss=1.0557
2025-05-26 10:31:10,415 - INFO - Pre-training RBM layer 2/3
2025-05-26 10:31:10,838 - INFO -  RBM2 Epoch 0: Loss=0.3348
2025-05-26 10:31:12,849 - INFO -  RBM2 Epoch 10: Loss=0.3320
2025-05-26 10:31:14,715 - INFO -  RBM2 Epoch 20: Loss=0.3301
2025-05-26 10:31:16,713 - INFO -  RBM2 Epoch 30: Loss=0.3290
2025-05-26 10:31:19,224 - INFO -  RBM2 Epoch 40: Loss=0.3279
2025-05-26 10:31:21,647 - INFO -  RBM2 Epoch 50: Loss=0.3260
2025-05-26 10:31:23,559 - INFO -  RBM2 Epoch 60: Loss=0.3240
2025-05-26 10:31:25,310 - INFO -  RBM2 Epoch 70: Loss=0.3228
2025-05-26 10:31:27,693 - INFO -  RBM2 Epoch 80: Loss=0.3198
2025-05-26 10:31:29,602 - INFO -  RBM2 Epoch 90: Loss=0.3178
2025-05-26 10:31:31,997 - INFO - Pre-training RBM layer 3/3
2025-05-26 10:31:32,143 - INFO -  RBM3 Epoch 0: Loss=0.3231
2025-05-26 10:31:33,160 - INFO -  RBM3 Epoch 10: Loss=0.2802
2025-05-26 10:31:33,917 - INFO -  RBM3 Epoch 20: Loss=0.2445
2025-05-26 10:31:34,706 - INFO -  RBM3 Epoch 30: Loss=0.2241
2025-05-26 10:31:35,641 - INFO -  RBM3 Epoch 40: Loss=0.2141
2025-05-26 10:31:36,526 - INFO -  RBM3 Epoch 50: Loss=0.2088
2025-05-26 10:31:37,341 - INFO -  RBM3 Epoch 60: Loss=0.2061
2025-05-26 10:31:38,123 - INFO -  RBM3 Epoch 70: Loss=0.2038
2025-05-26 10:31:38,901 - INFO -  RBM3 Epoch 80: Loss=0.2032
2025-05-26 10:31:39,730 - INFO -  RBM3 Epoch 90: Loss=0.2016
2025-05-26 10:31:40,543 - INFO - Starting DBN fine-tuning...
2025-05-26 10:32:08,254 - INFO - Epoch 0: Train(l=0.7172,a=0.5349) | Val(l=0.6247,a=0.9429)
2025-05-26 10:32:08,680 - INFO - Epoch 1: Train(l=0.6801,a=0.5865) | Val(l=0.5660,a=0.9429)
2025-05-26 10:32:08,968 - INFO - Epoch 2: Train(l=0.6370,a=0.6530) | Val(l=0.6648,a=0.7460)
2025-05-26 10:32:09,269 - INFO - Epoch 3: Train(l=0.5181,a=0.7958) | Val(l=1.0484,a=0.1206)
2025-05-26 10:32:09,561 - INFO - Epoch 4: Train(l=0.3883,a=0.8688) | Val(l=0.9623,a=0.4127)
2025-05-26 10:32:09,834 - INFO - Epoch 5: Train(l=0.2756,a=0.9266) | Val(l=0.6047,a=0.7048)
2025-05-26 10:32:10,160 - INFO - Epoch 6: Train(l=0.2165,a=0.9469) | Val(l=0.3853,a=0.8127)
2025-05-26 10:32:10,613 - INFO - Epoch 7: Train(l=0.1975,a=0.9513) | Val(l=0.3128,a=0.8508)
2025-05-26 10:32:10,967 - INFO - Epoch 8: Train(l=0.1773,a=0.9589) | Val(l=0.4329,a=0.8032)
2025-05-26 10:32:11,541 - INFO - Epoch 9: Train(l=0.1576,a=0.9662) | Val(l=0.4098,a=0.8159)
2025-05-26 10:32:12,132 - INFO - Epoch 10: Train(l=0.1475,a=0.9669) | Val(l=0.3235,a=0.8444)
2025-05-26 10:32:12,700 - INFO - Epoch 11: Train(l=0.1370,a=0.9727) | Val(l=0.3154,a=0.8571)
2025-05-26 10:32:13,195 - INFO - Epoch 12: Train(l=0.1257,a=0.9771) | Val(l=0.3350,a=0.8540)
2025-05-26 10:32:13,942 - INFO - Epoch 13: Train(l=0.1276,a=0.9738) | Val(l=0.2892,a=0.8730)
2025-05-26 10:32:14,630 - INFO - Epoch 14: Train(l=0.1143,a=0.9815) | Val(l=0.2775,a=0.8825)
2025-05-26 10:32:15,230 - INFO - Epoch 15: Train(l=0.1178,a=0.9775) | Val(l=0.1990,a=0.9302)
2025-05-26 10:32:15,727 - INFO - Epoch 16: Train(l=0.1070,a=0.9793) | Val(l=0.1648,a=0.9524)
2025-05-26 10:32:16,192 - INFO - Epoch 17: Train(l=0.1065,a=0.9818) | Val(l=0.1775,a=0.9365)
2025-05-26 10:32:16,653 - INFO - Epoch 18: Train(l=0.1006,a=0.9807) | Val(l=0.1730,a=0.9333)
2025-05-26 10:32:17,107 - INFO - Epoch 19: Train(l=0.0969,a=0.9862) | Val(l=0.2001,a=0.9238)
2025-05-26 10:32:17,563 - INFO - Epoch 20: Train(l=0.0948,a=0.9851) | Val(l=0.2036,a=0.9206)
2025-05-26 10:32:18,035 - INFO - Epoch 21: Train(l=0.0913,a=0.9873) | Val(l=0.2270,a=0.9111)
2025-05-26 10:32:18,478 - INFO - Epoch 22: Train(l=0.0938,a=0.9855) | Val(l=0.1725,a=0.9397)
2025-05-26 10:32:18,958 - INFO - Epoch 23: Train(l=0.0901,a=0.9880) | Val(l=0.2068,a=0.9238)
2025-05-26 10:32:19,416 - INFO - Epoch 24: Train(l=0.0864,a=0.9880) | Val(l=0.2123,a=0.9143)
2025-05-26 10:32:19,863 - INFO - Epoch 25: Train(l=0.0912,a=0.9836) | Val(l=0.2201,a=0.9143)
2025-05-26 10:32:20,226 - INFO - Epoch 26: Train(l=0.0879,a=0.9840) | Val(l=0.2010,a=0.9238)
2025-05-26 10:32:20,226 - INFO - Early stopping.
2025-05-26 10:32:30,530 - INFO - Model dan scaler tersimpan (cnn_final.pth, scalercnn.pkl)
2025-05-26 10:32:30,784 - INFO - Total training time: 102.95s
2025-05-26 10:32:30,785 - INFO - Validation MCC: 0.4518, AUC: 0.8085
2025-05-26 10:32:30,785 - INFO - Test       MCC: 0.3295, AUC: 0.8921
2025-05-26 10:36:39,976 - INFO - Training CNN...
2025-05-26 10:36:49,742 - INFO - Starting CNN training...
2025-05-26 10:36:52,440 - INFO - Epoch 0, Validation Accuracy: 0.8603
2025-05-26 10:37:02,920 - INFO - Epoch 10, Validation Accuracy: 0.9048
2025-05-26 10:37:12,639 - INFO - Epoch 20, Validation Accuracy: 0.9333
2025-05-26 10:37:21,637 - INFO - Epoch 30, Validation Accuracy: 0.9302
2025-05-26 10:37:30,125 - INFO - Epoch 40, Validation Accuracy: 0.9302
2025-05-26 10:37:38,563 - INFO - Epoch 50, Validation Accuracy: 0.9365
2025-05-26 10:37:47,320 - INFO - Epoch 60, Validation Accuracy: 0.9206
2025-05-26 10:37:56,487 - INFO - Epoch 70, Validation Accuracy: 0.9365
2025-05-26 10:38:04,957 - INFO - Epoch 80, Validation Accuracy: 0.9365
2025-05-26 10:38:12,961 - INFO - Epoch 90, Validation Accuracy: 0.9143
2025-05-26 10:42:25,489 - INFO - Training CNN...
2025-05-26 10:42:56,674 - INFO - Model dan scaler tersimpan (cnn_final.pth, scalercnn.pkl)
2025-05-26 10:42:56,781 - INFO - Total training time: 31.29s
2025-05-26 10:42:56,781 - INFO - Validation MCC: 0.4414, AUC: 0.8745
2025-05-26 10:42:56,782 - INFO - Test       MCC: 0.4707, AUC: 0.8742
2025-05-26 10:43:10,070 - INFO - Training Random Forest...
2025-05-26 10:43:10,092 - INFO - Training Random Forest...
2025-05-26 10:43:10,802 - INFO - Model dan scaler tersimpan (rf_final.pkl, scalerrf.pkl)
2025-05-26 10:43:10,802 - INFO - Evaluating Random Forest...
2025-05-26 10:43:10,924 - INFO - Random Forest MCC: 0.3257, AUC: 0.9037
2025-05-26 10:43:10,924 - INFO - Evaluating Random Forest...
2025-05-26 10:43:10,999 - INFO - Random Forest MCC: 0.4105, AUC: 0.8990
2025-05-26 10:43:11,000 - INFO - Total training time: 0.93s
2025-05-26 10:43:11,000 - INFO - Validation MCC: 0.3257, AUC: 0.9037
2025-05-26 10:43:11,000 - INFO - Test       MCC: 0.4105, AUC: 0.8990
2025-05-27 12:20:47,758 - INFO - Training DBN...
2025-05-27 12:20:48,797 - INFO - Starting DBN pre-training...
2025-05-27 12:20:48,798 - INFO - Pre-training RBM layer 1/3
2025-05-27 12:20:50,818 - INFO -  RBM1 Epoch 0: Loss=1.5001
2025-05-27 12:21:07,692 - INFO -  RBM1 Epoch 10: Loss=1.1999
2025-05-27 12:21:16,151 - INFO -  RBM1 Epoch 20: Loss=1.1135
2025-05-27 12:21:19,860 - INFO -  RBM1 Epoch 30: Loss=1.0835
2025-05-27 12:21:23,877 - INFO -  RBM1 Epoch 40: Loss=1.0656
2025-05-27 12:21:27,761 - INFO -  RBM1 Epoch 50: Loss=1.0564
2025-05-27 12:21:31,494 - INFO -  RBM1 Epoch 60: Loss=1.0617
2025-05-27 12:21:35,483 - INFO -  RBM1 Epoch 70: Loss=1.0551
2025-05-27 12:21:43,158 - INFO -  RBM1 Epoch 80: Loss=1.0570
2025-05-27 12:21:46,988 - INFO -  RBM1 Epoch 90: Loss=1.0573
2025-05-27 12:21:50,519 - INFO - Pre-training RBM layer 2/3
2025-05-27 12:21:50,949 - INFO -  RBM2 Epoch 0: Loss=0.3344
2025-05-27 12:21:53,698 - INFO -  RBM2 Epoch 10: Loss=0.3324
2025-05-27 12:21:56,282 - INFO -  RBM2 Epoch 20: Loss=0.3303
2025-05-27 12:21:58,860 - INFO -  RBM2 Epoch 30: Loss=0.3294
2025-05-27 12:22:05,581 - INFO -  RBM2 Epoch 40: Loss=0.3281
2025-05-27 12:22:12,808 - INFO -  RBM2 Epoch 50: Loss=0.3260
2025-05-27 12:22:15,559 - INFO -  RBM2 Epoch 60: Loss=0.3241
2025-05-27 12:22:23,971 - INFO -  RBM2 Epoch 70: Loss=0.3222
2025-05-27 12:22:37,901 - INFO -  RBM2 Epoch 80: Loss=0.3195
2025-05-27 12:22:46,848 - INFO -  RBM2 Epoch 90: Loss=0.3171
2025-05-27 12:22:57,469 - INFO - Pre-training RBM layer 3/3
2025-05-27 12:22:57,927 - INFO -  RBM3 Epoch 0: Loss=0.3261
2025-05-27 12:23:02,300 - INFO -  RBM3 Epoch 10: Loss=0.2814
2025-05-27 12:23:03,961 - INFO -  RBM3 Epoch 20: Loss=0.2440
2025-05-27 12:23:05,359 - INFO -  RBM3 Epoch 30: Loss=0.2227
2025-05-27 12:23:07,084 - INFO -  RBM3 Epoch 40: Loss=0.2122
2025-05-27 12:23:14,487 - INFO -  RBM3 Epoch 50: Loss=0.2065
2025-05-27 12:23:18,800 - INFO -  RBM3 Epoch 60: Loss=0.2036
2025-05-27 12:23:23,729 - INFO -  RBM3 Epoch 70: Loss=0.2019
2025-05-27 12:23:29,154 - INFO -  RBM3 Epoch 80: Loss=0.2007
2025-05-27 12:23:33,480 - INFO -  RBM3 Epoch 90: Loss=0.2000
2025-05-27 12:23:37,064 - INFO - Starting DBN fine-tuning...
2025-05-27 12:24:22,879 - INFO - Epoch 0: Train(l=0.7155,a=0.5225) | Val(l=0.6893,a=0.4413)
2025-05-27 12:24:23,714 - INFO - Epoch 1: Train(l=0.6980,a=0.5574) | Val(l=0.6445,a=0.8254)
2025-05-27 12:24:24,342 - INFO - Epoch 2: Train(l=0.6534,a=0.6290) | Val(l=0.6466,a=0.7175)
2025-05-27 12:24:25,048 - INFO - Epoch 3: Train(l=0.5360,a=0.7682) | Val(l=0.8214,a=0.5048)
2025-05-27 12:24:25,726 - INFO - Epoch 4: Train(l=0.3966,a=0.8626) | Val(l=1.3252,a=0.3302)
2025-05-27 12:24:26,429 - INFO - Epoch 5: Train(l=0.3020,a=0.9077) | Val(l=0.4275,a=0.7841)
2025-05-27 12:24:28,682 - INFO - Epoch 6: Train(l=0.2254,a=0.9480) | Val(l=0.6145,a=0.6762)
2025-05-27 12:24:30,545 - INFO - Epoch 7: Train(l=0.1785,a=0.9586) | Val(l=0.1791,a=0.9524)
2025-05-27 12:24:33,087 - INFO - Epoch 8: Train(l=0.1468,a=0.9706) | Val(l=0.1758,a=0.9556)
2025-05-27 12:24:35,492 - INFO - Epoch 9: Train(l=0.1261,a=0.9775) | Val(l=0.1805,a=0.9492)
2025-05-27 12:24:37,563 - INFO - Epoch 10: Train(l=0.1094,a=0.9807) | Val(l=0.1697,a=0.9492)
2025-05-27 12:24:40,114 - INFO - Epoch 11: Train(l=0.1046,a=0.9807) | Val(l=0.9159,a=0.6635)
2025-05-27 12:24:43,129 - INFO - Epoch 12: Train(l=0.0909,a=0.9855) | Val(l=0.1889,a=0.9333)
2025-05-27 12:24:45,099 - INFO - Epoch 13: Train(l=0.0828,a=0.9866) | Val(l=0.3482,a=0.8571)
2025-05-27 12:24:47,196 - INFO - Epoch 14: Train(l=0.0735,a=0.9880) | Val(l=0.1793,a=0.9302)
2025-05-27 12:24:48,041 - INFO - Epoch 15: Train(l=0.0696,a=0.9876) | Val(l=0.3781,a=0.8508)
2025-05-27 12:24:48,699 - INFO - Epoch 16: Train(l=0.0635,a=0.9884) | Val(l=0.4656,a=0.8349)
2025-05-27 12:24:49,339 - INFO - Epoch 17: Train(l=0.0616,a=0.9913) | Val(l=0.2775,a=0.9016)
2025-05-27 12:24:49,993 - INFO - Epoch 18: Train(l=0.0580,a=0.9909) | Val(l=0.2100,a=0.9206)
2025-05-27 12:24:50,933 - INFO - Epoch 19: Train(l=0.0550,a=0.9920) | Val(l=0.2446,a=0.9079)
2025-05-27 12:24:53,146 - INFO - Epoch 20: Train(l=0.0575,a=0.9898) | Val(l=0.1918,a=0.9270)
2025-05-27 12:24:53,149 - INFO - Early stopping.
2025-05-27 12:27:40,690 - INFO - Model dan scaler tersimpan (dbn_final.pth, scaler.pkl)
2025-05-27 12:27:41,071 - INFO - Total training time: 413.31s
2025-05-27 12:27:41,072 - INFO - Validation MCC: 0.3728, AUC: 0.8010
2025-05-27 12:27:41,073 - INFO - Test       MCC: 0.3818, AUC: 0.8958
